<http://example.org/pipeline/> <http://www.w3.org/1999/02/22-rdf-syntax-ns#type> <https://pipeline.described.at/Pipeline> .
<http://example.org/pipeline/> <https://pipeline.described.at/steps> _:c14n4 .
<http://example.org/pipeline/sub> <http://www.w3.org/1999/02/22-rdf-syntax-ns#type> <https://pipeline.described.at/Pipeline> .
<http://example.org/pipeline/sub> <https://pipeline.described.at/steps> _:c14n0 .
_:c14n0 <https://pipeline.described.at/stepList> _:c14n7 .
_:c14n1 <http://www.w3.org/1999/02/22-rdf-syntax-ns#first> <http://example.org/pipeline/sub> .
_:c14n1 <http://www.w3.org/1999/02/22-rdf-syntax-ns#rest> <http://www.w3.org/1999/02/22-rdf-syntax-ns#nil> .
_:c14n2 <http://www.w3.org/1999/02/22-rdf-syntax-ns#type> <https://pipeline.described.at/Step> .
_:c14n2 <https://code.described.at/implementedBy> _:c14n5 .
_:c14n3 <http://www.w3.org/1999/02/22-rdf-syntax-ns#type> <https://pipeline.described.at/Step> .
_:c14n3 <https://code.described.at/arguments> _:c14n1 .
_:c14n3 <https://code.described.at/implementedBy> _:c14n6 .
_:c14n4 <https://pipeline.described.at/stepList> _:c14n8 .
_:c14n5 <http://www.w3.org/1999/02/22-rdf-syntax-ns#type> <https://code.described.at/EcmaScriptModule> .
_:c14n5 <https://code.described.at/link> <node:lindas-barnard59-base#concat> .
_:c14n6 <http://www.w3.org/1999/02/22-rdf-syntax-ns#type> <https://code.described.at/EcmaScriptModule> .
_:c14n6 <https://code.described.at/link> <node:lindas-barnard59-base#concat> .
_:c14n7 <http://www.w3.org/1999/02/22-rdf-syntax-ns#first> _:c14n2 .
_:c14n7 <http://www.w3.org/1999/02/22-rdf-syntax-ns#rest> <http://www.w3.org/1999/02/22-rdf-syntax-ns#nil> .
_:c14n8 <http://www.w3.org/1999/02/22-rdf-syntax-ns#first> _:c14n3 .
_:c14n8 <http://www.w3.org/1999/02/22-rdf-syntax-ns#rest> <http://www.w3.org/1999/02/22-rdf-syntax-ns#nil> .
