<http://example.org/pipeline/> <http://www.w3.org/1999/02/22-rdf-syntax-ns#type> <https://pipeline.described.at/Pipeline> .
<http://example.org/pipeline/> <https://pipeline.described.at/steps> _:c14n1 .
_:c14n0 <http://www.w3.org/1999/02/22-rdf-syntax-ns#first> _:c14n4 .
_:c14n0 <http://www.w3.org/1999/02/22-rdf-syntax-ns#rest> <http://www.w3.org/1999/02/22-rdf-syntax-ns#nil> .
_:c14n1 <https://pipeline.described.at/stepList> _:c14n0 .
_:c14n2 <https://code.described.at/name> "snd" .
_:c14n2 <https://code.described.at/value> <http://example.org/pipeline/readB> .
_:c14n3 <http://www.w3.org/1999/02/22-rdf-syntax-ns#type> <https://code.described.at/EcmaScriptModule> .
_:c14n3 <https://code.described.at/link> <node:lindas-barnard59-base#concat> .
_:c14n4 <http://www.w3.org/1999/02/22-rdf-syntax-ns#type> <https://pipeline.described.at/Step> .
_:c14n4 <https://code.described.at/arguments> _:c14n2 .
_:c14n4 <https://code.described.at/arguments> _:c14n5 .
_:c14n4 <https://code.described.at/implementedBy> _:c14n3 .
_:c14n5 <https://code.described.at/name> "fst" .
_:c14n5 <https://code.described.at/value> <http://example.org/pipeline/readA> .
